 
 
 
  

                 
    
    
     
             
    
     
    
    
    
    
        


 
     


   
asdasdasd
ascklascnkl
While

